exports[`test initial state 1`] = `
<StopWatch
  buttonStyles={
    Object {
      "fontSize": "2em",
    }
  }>
  <div
    style={
      Object {
        "textAlign": "center",
      }
    }>
    <label
      data-test="ms"
      style={
        Object {
          "display": "block",
          "fontSize": "5em",
        }
      } />
    <button
      data-test="toggle"
      onClick={[Function]}
      style={
        Object {
          "fontSize": "2em",
        }
      }>
      Start
    </button>
    <button
      data-test="clear"
      onClick={[Function]}
      style={
        Object {
          "fontSize": "2em",
        }
      }>
      Clear
    </button>
  </div>
</StopWatch>
`;
